gitflow.branch.master=master
gitflow.branch.develop=develop
gitflow.prefix.feature=feature/
gitflow.prefix.bugfix=bugfix/
gitflow.prefix.release=release/
gitflow.prefix.hotfix=hotfix/
gitflow.prefix.support=support/
gitflow.prefix.versiontag=
gitflow.path.hooks=REPLACE_WITH_REPOSITORY_DIRECTORY
gitflow.origin=origin
gitflow.feature.start.fetch=yes
gitflow.feature.finish.fetch=yes
gitflow.feature.finish.push=yes
gitflow.feature.finish.no-ff=yes
gitflow.release.start.fetch=yes
gitflow.release.finish.fetch=yes
gitflow.release.finish.push=yes
gitflow.release.finish.nodevelopmerge=yes
gitflow.release.finish.pushdevelop=no
gitflow.release.finish.nobackmerge=yes
gitflow.bugfix.start.fetch=yes
gitflow.bugfix.finish.fetch=yes
gitflow.bugfix.finish.push=yes
gitflow.bugfix.finish.no-ff=yes
gitflow.hotfix.start.fetch=yes
gitflow.hotfix.finish.fetch=yes
gitflow.hotfix.finish.push=yes
gitflow.hotfix.finish.nobackmerge=yes
